Traceback (most recent call last):
  File "<frozen runpy>", line 203, in _run_module_as_main
  File "<frozen runpy>", line 88, in _run_code
  File "/Users/mak/ComputationalIndividuality/src/dci_pilot/replication_analysis.py", line 247, in <module>
    if __name__ == "__main__": main()
                               ~~~~^^
  File "/Users/mak/ComputationalIndividuality/src/dci_pilot/replication_analysis.py", line 245, in main
    p=argparse.ArgumentParser(); p.add_argument("--replication", default="results/replication"); p.add_argument("--pilot", default="results/pilot_v1_frozen/raw"); p.add_argument("--figures", default="figures"); a=p.parse_args(); print(json.dumps(analyze(a.replication,a.pilot,a.figures), indent=2))
                                                                                                                                                                                                                                                      ~~~~~~~^^^^^^^^^^^^^^^^^^^^^^^^^^^^^^^^^
  File "/Users/mak/ComputationalIndividuality/src/dci_pilot/replication_analysis.py", line 234, in analyze
    with open(os.path.join(replication_root, "analysis.json"), "w", encoding="utf-8") as f: json.dump(analysis, f, indent=2)
                                                                                            ~~~~~~~~~^^^^^^^^^^^^^^^^^^^^^^^
  File "/opt/homebrew/Cellar/python@3.14/3.14.6/Frameworks/Python.framework/Versions/3.14/lib/python3.14/json/__init__.py", line 181, in dump
    for chunk in iterable:
                 ^^^^^^^^
  File "/opt/homebrew/Cellar/python@3.14/3.14.6/Frameworks/Python.framework/Versions/3.14/lib/python3.14/json/encoder.py", line 444, in _iterencode
    yield from _iterencode_dict(o, _current_indent_level)
  File "/opt/homebrew/Cellar/python@3.14/3.14.6/Frameworks/Python.framework/Versions/3.14/lib/python3.14/json/encoder.py", line 413, in _iterencode_dict
    yield from chunks
  File "/opt/homebrew/Cellar/python@3.14/3.14.6/Frameworks/Python.framework/Versions/3.14/lib/python3.14/json/encoder.py", line 413, in _iterencode_dict
    yield from chunks
  File "/opt/homebrew/Cellar/python@3.14/3.14.6/Frameworks/Python.framework/Versions/3.14/lib/python3.14/json/encoder.py", line 451, in _iterencode
    newobj = _default(o)
  File "/opt/homebrew/Cellar/python@3.14/3.14.6/Frameworks/Python.framework/Versions/3.14/lib/python3.14/json/encoder.py", line 182, in default
    raise TypeError(f'Object of type {o.__class__.__name__} '
                    f'is not JSON serializable')
TypeError: Object of type bool is not JSON serializable
when serializing dict item 'pass'
when serializing dict item 'behavioral_equivalence'
